\BOOKMARK [1][-]{section.1}{\376\377\000I\000n\000t\000r\000o\000d\000u\000c\000t\000i\000o\000n}{}% 1
\BOOKMARK [2][-]{subsection.1.1}{\376\377\000M\000o\000t\000i\000v\000a\000t\000i\000o\000n\000\040\000e\000t\000\040\000c\000o\000n\000t\000e\000x\000t\000e}{section.1}% 2
\BOOKMARK [2][-]{subsection.1.2}{\376\377\000O\000b\000j\000e\000c\000t\000i\000f\000s\000\040\000d\000u\000\040\000P\000S\000C}{section.1}% 3
\BOOKMARK [2][-]{subsection.1.3}{\376\377\000S\000t\000r\000u\000c\000t\000u\000r\000e\000\040\000d\000u\000\040\000r\000a\000p\000p\000o\000r\000t}{section.1}% 4
\BOOKMARK [1][-]{section.2}{\376\377\000R\000a\000p\000p\000e\000l\000s\000\040\000:\000\040\000I\000n\000f\000\351\000r\000e\000n\000c\000e\000\040\000C\000a\000u\000s\000a\000l\000e\000\040\000C\000l\000a\000s\000s\000i\000q\000u\000e}{}% 5
\BOOKMARK [2][-]{subsection.2.1}{\376\377\000M\000o\000d\000\350\000l\000e\000s\000\040\000C\000a\000u\000s\000a\000u\000x\000\040\000S\000t\000r\000u\000c\000t\000u\000r\000e\000l\000s\000\040\000\050\000S\000C\000M\000\051}{section.2}% 6
\BOOKMARK [2][-]{subsection.2.2}{\376\377\000M\000o\000d\000\350\000l\000e\000s\000\040\000G\000r\000a\000p\000h\000i\000q\000u\000e\000s\000\040\000C\000a\000u\000s\000a\000u\000x\000\040\000\050\000C\000G\000M\000\051}{section.2}% 7
\BOOKMARK [2][-]{subsection.2.3}{\376\377\000D\000o\000-\000C\000a\000l\000c\000u\000l\000\040\000e\000t\000\040\000s\000e\000s\000\040\000A\000x\000i\000o\000m\000e\000s}{section.2}% 8
\BOOKMARK [2][-]{subsection.2.4}{\376\377\000C\000r\000i\000t\000\350\000r\000e\000\040\000d\000e\000\040\000p\000o\000r\000t\000e\000\040\000a\000r\000r\000i\000\350\000r\000e\000\040\000\050\000B\000a\000c\000k\000d\000o\000o\000r\000\051}{section.2}% 9
\BOOKMARK [2][-]{subsection.2.5}{\376\377\000C\000r\000i\000t\000\350\000r\000e\000\040\000d\000e\000\040\000p\000o\000r\000t\000e\000\040\000a\000v\000a\000n\000t\000\040\000\050\000F\000r\000o\000n\000t\000-\000d\000o\000o\000r\000\051}{section.2}% 10
\BOOKMARK [2][-]{subsection.2.6}{\376\377\000A\000j\000u\000s\000t\000e\000m\000e\000n\000t\000\040\000p\000a\000r\000\040\000V\000a\000r\000i\000a\000b\000l\000e\000s\000\040\000I\000n\000s\000t\000r\000u\000m\000e\000n\000t\000a\000l\000e\000s\000\040\000\050\000V\000I\000\051}{section.2}% 11
\BOOKMARK [2][-]{subsection.2.7}{\376\377\000L\000i\000m\000i\000t\000a\000t\000i\000o\000n\000s\000\040\000a\000v\000e\000c\000\040\000l\000e\000s\000\040\000d\000o\000n\000n\000\351\000e\000s\000\040\000h\000i\000\351\000r\000a\000r\000c\000h\000i\000q\000u\000e\000s}{section.2}% 12
\BOOKMARK [1][-]{section.3}{\376\377\000M\000o\000d\000\350\000l\000e\000s\000\040\000C\000a\000u\000s\000a\000u\000x\000\040\000H\000i\000\351\000r\000a\000r\000c\000h\000i\000q\000u\000e\000s\000\040\000:\000\040\000T\000h\000\351\000o\000r\000i\000e}{}% 13
\BOOKMARK [2][-]{subsection.3.1}{\376\377\000M\000o\000d\000\350\000l\000e\000s\000\040\000C\000a\000u\000s\000a\000u\000x\000\040\000S\000t\000r\000u\000c\000t\000u\000r\000e\000l\000s\000\040\000H\000i\000\351\000r\000a\000r\000c\000h\000i\000q\000u\000e\000s\000\040\000\050\000H\000S\000C\000M\000\051}{section.3}% 14
\BOOKMARK [2][-]{subsection.3.2}{\376\377\000T\000r\000o\000i\000s\000\040\000M\000o\000t\000i\000f\000s\000\040\000C\000a\000n\000o\000n\000i\000q\000u\000e\000s\000\040\000H\000C\000M}{section.3}% 15
\BOOKMARK [2][-]{subsection.3.3}{\376\377\000V\000a\000r\000i\000a\000b\000l\000e\000s\000\040\000Q\000\040\000e\000t\000\040\000M\000o\000d\000\350\000l\000e\000s\000\040\000G\000r\000a\000p\000h\000i\000q\000u\000e\000s\000\040\000C\000a\000u\000s\000a\000u\000x\000\040\000H\000i\000\351\000r\000a\000r\000c\000h\000i\000q\000u\000e\000s}{section.3}% 16
\BOOKMARK [1][-]{section.4}{\376\377\000P\000i\000p\000e\000l\000i\000n\000e\000\040\000d\000'\000I\000d\000e\000n\000t\000i\000f\000i\000c\000a\000t\000i\000o\000n\000\040\000H\000C\000M}{}% 17
\BOOKMARK [2][-]{subsection.4.1}{\376\377\000V\000u\000e\000\040\000d\000'\000e\000n\000s\000e\000m\000b\000l\000e}{section.4}% 18
\BOOKMARK [2][-]{subsection.4.2}{\376\377\000\311\000t\000a\000p\000e\000\040\0001\000\040\000:\000\040\000c\000o\000l\000l\000a\000p\000s\000e\000\050\000h\000s\000c\000m\000\051}{section.4}% 19
\BOOKMARK [2][-]{subsection.4.3}{\376\377\000\311\000t\000a\000p\000e\000\040\0002\000\040\000:\000\040\000s\000u\000g\000g\000e\000s\000t\000\137\000a\000u\000g\000m\000e\000n\000t\000\137\000f\000o\000r\000\137\000o\000u\000t\000c\000o\000m\000e}{section.4}% 20
\BOOKMARK [2][-]{subsection.4.4}{\376\377\000\311\000t\000a\000p\000e\000\040\0003\000\040\000:\000\040\000a\000u\000g\000m\000e\000n\000t\000\137\000c\000o\000l\000l\000a\000p\000s\000e\000d\000\137\000m\000o\000d\000e\000l\000\040\000\050\000v\000a\000r\000i\000a\000b\000l\000e\000\040\000p\000a\000r\000\040\000v\000a\000r\000i\000a\000b\000l\000e\000\051}{section.4}% 21
\BOOKMARK [2][-]{subsection.4.5}{\376\377\000\311\000t\000a\000p\000e\000\040\0004\000\040\000:\000\040\000m\000a\000r\000g\000i\000n\000a\000l\000i\000z\000a\000t\000i\000o\000n\000\137\000Q\000c\000\137\000e\000l\000i\000g\000i\000b\000l\000e\000\137\000p\000a\000r\000e\000n\000t\000s}{section.4}% 22
\BOOKMARK [2][-]{subsection.4.6}{\376\377\000\311\000t\000a\000p\000e\000\040\0005\000\040\000:\000\040\000m\000a\000r\000g\000i\000n\000a\000l\000i\000z\000e\000\137\000a\000u\000g\000m\000e\000n\000t\000e\000d\000\137\000m\000o\000d\000e\000l}{section.4}% 23
\BOOKMARK [2][-]{subsection.4.7}{\376\377\000\311\000t\000a\000p\000e\000\040\0006\000\040\000:\000\040\000i\000d\000e\000n\000t\000i\000f\000y\000\137\000e\000f\000f\000e\000c\000t}{section.4}% 24
\BOOKMARK [1][-]{section.5}{\376\377\000E\000s\000t\000i\000m\000a\000t\000i\000o\000n}{}% 25
\BOOKMARK [2][-]{subsection.5.1}{\376\377\000V\000u\000e\000\040\000d\000'\000e\000n\000s\000e\000m\000b\000l\000e}{section.5}% 26
\BOOKMARK [2][-]{subsection.5.2}{\376\377\000\311\000t\000a\000p\000e\000\040\0007\000\040\000:\000\040\000e\000s\000t\000i\000m\000a\000t\000e\000\137\000c\000a\000u\000s\000a\000l\000\137\000e\000f\000f\000e\000c\000t\000\040\040\024\000\040\000E\000s\000t\000i\000m\000a\000t\000i\000o\000n\000\040\000n\000u\000m\000\351\000r\000i\000q\000u\000e\000\040\000d\000e\000\040\000l\000'\000e\000s\000t\000i\000m\000a\000n\000d\000e}{section.5}% 27
\BOOKMARK [2][-]{subsection.5.3}{\376\377\000E\000s\000t\000i\000m\000a\000t\000i\000o\000n\000\040\000p\000a\000r\000\040\000u\000n\000i\000t\000\040\000\050\000C\000o\000n\000d\000i\000t\000i\000o\000n\000a\000l\000D\000e\000n\000s\000i\000t\000y\000E\000s\000t\000i\000m\000a\000t\000o\000r\000\051}{section.5}% 28
\BOOKMARK [2][-]{subsection.5.4}{\376\377\000E\000s\000t\000i\000m\000a\000t\000e\000u\000r\000\040\000A\000T\000E\000\040\000:\000\040\000c\000a\000s\000\040\000C\000o\000n\000f\000o\000n\000d\000a\000n\000t}{section.5}% 29
\BOOKMARK [2][-]{subsection.5.5}{\376\377\000P\000a\000r\000a\000l\000l\000\351\000l\000i\000s\000a\000t\000i\000o\000n\000\040\000d\000e\000s\000\040\000c\000a\000l\000c\000u\000l\000s\000\040\000d\000'\000A\000T\000E}{section.5}% 30
\BOOKMARK [2][-]{subsection.5.6}{\376\377\000E\000s\000t\000i\000m\000a\000t\000e\000u\000r\000\040\000n\000e\000u\000r\000o\000n\000a\000l\000\040\000:\000\040\000M\000L\000P\000R\000e\000g\000r\000e\000s\000s\000o\000r\000P\000e\000r\000U\000n\000i\000t}{section.5}% 31
\BOOKMARK [1][-]{section.6}{\376\377\000I\000m\000p\000l\000\351\000m\000e\000n\000t\000a\000t\000i\000o\000n}{}% 32
\BOOKMARK [2][-]{subsection.6.1}{\376\377\000S\000t\000r\000u\000c\000t\000u\000r\000e\000\040\000d\000u\000\040\000p\000a\000c\000k\000a\000g\000e}{section.6}% 33
\BOOKMARK [2][-]{subsection.6.2}{\376\377\000H\000S\000C\000M\000P\000a\000r\000a\000m\000e\000t\000r\000i\000c\000\040\000:\000\040\000S\000p\000\351\000c\000i\000f\000i\000c\000a\000t\000i\000o\000n\000\040\000d\000u\000\040\000m\000o\000d\000\350\000l\000e}{section.6}% 34
\BOOKMARK [2][-]{subsection.6.3}{\376\377\000P\000i\000p\000e\000l\000i\000n\000e\000\040\000c\000o\000m\000p\000l\000e\000t\000\040\000:\000\040\000e\000x\000e\000m\000p\000l\000e\000\040\000b\000o\000u\000t\000-\000e\000n\000-\000b\000o\000u\000t}{section.6}% 35
\BOOKMARK [1][-]{section.7}{\376\377\000R\000\351\000s\000u\000l\000t\000a\000t\000s\000\040\000E\000x\000p\000\351\000r\000i\000m\000e\000n\000t\000a\000u\000x}{}% 36
\BOOKMARK [2][-]{subsection.7.1}{\376\377\000R\000\351\000c\000u\000p\000\351\000r\000a\000t\000i\000o\000n\000\040\000d\000e\000\040\000l\000'\000A\000T\000E\000\040\000:\000\040\000m\000o\000t\000i\000f\000\040\000C\000o\000n\000f\000o\000n\000d\000a\000n\000t}{section.7}% 37
\BOOKMARK [2][-]{subsection.7.2}{\376\377\000S\000u\000i\000t\000e\000\040\000d\000e\000\040\000t\000e\000s\000t\000s\000\040\000d\000o\000-\000c\000a\000l\000c\000u\000l\000u\000s}{section.7}% 38
\BOOKMARK [2][-]{subsection.7.3}{\376\377\000R\000\351\000c\000u\000p\000\351\000r\000a\000t\000i\000o\000n\000\040\000d\000e\000\040\000l\000'\000A\000T\000E\000\040\000:\000\040\000l\000e\000s\000\040\000t\000r\000o\000i\000s\000\040\000m\000o\000t\000i\000f\000s}{section.7}% 39
\BOOKMARK [2][-]{subsection.7.4}{\376\377\000G\000a\000l\000e\000r\000i\000e\000\040\000d\000o\000-\000c\000a\000l\000c\000u\000l\000u\000s\000\040\000:\000\040\000e\000s\000t\000i\000m\000a\000t\000i\000o\000n\000\040\000d\000e\000\040\000l\000'\000A\000T\000E\000\040\000s\000u\000r\000\040\0008\000\040\000c\000o\000n\000f\000i\000g\000u\000r\000a\000t\000i\000o\000n\000s}{section.7}% 40
\BOOKMARK [2][-]{subsection.7.5}{\376\377\000S\000u\000i\000t\000e\000\040\000d\000e\000\040\000b\000e\000n\000c\000h\000m\000a\000r\000k\000s\000\040\000:\000\040\0009\000\040\000s\000c\000\351\000n\000a\000r\000i\000o\000s\000\040\000a\000v\000e\000c\000\040\000v\000\351\000r\000i\000t\000\351\000\040\000t\000e\000r\000r\000a\000i\000n}{section.7}% 41
\BOOKMARK [1][-]{section.8}{\376\377\000N\000o\000u\000v\000e\000l\000l\000e\000\040\000a\000p\000p\000l\000i\000c\000a\000t\000i\000o\000n\000\040\000\340\000\040\000P\000r\000o\000j\000e\000c\000t\000\040\000S\000T\000A\000R\000\040\000:\000\040\000E\000s\000t\000i\000m\000a\000t\000i\000o\000n\000\040\000C\000a\000u\000s\000a\000l\000e\000\040\000H\000i\000\351\000r\000a\000r\000c\000h\000i\000q\000u\000e}{}% 42
\BOOKMARK [2][-]{subsection.8.1}{\376\377\000P\000r\000\351\000s\000e\000n\000t\000a\000t\000i\000o\000n\000\040\000e\000t\000\040\000m\000o\000t\000i\000v\000a\000t\000i\000o\000n}{section.8}% 43
\BOOKMARK [2][-]{subsection.8.2}{\376\377\000D\000o\000n\000n\000\351\000e\000s\000\040\000e\000t\000\040\000s\000c\000h\000\351\000m\000a\000\040\000H\000C\000M}{section.8}% 44
\BOOKMARK [2][-]{subsection.8.3}{\376\377\000P\000i\000p\000e\000l\000i\000n\000e\000\040\000d\000'\000a\000n\000a\000l\000y\000s\000e}{section.8}% 45
\BOOKMARK [2][-]{subsection.8.4}{\376\377\000R\000\351\000s\000u\000l\000t\000a\000t\000s\000\040\000d\000e\000\040\000l\000a\000\040\000d\000\351\000c\000o\000u\000v\000e\000r\000t\000e\000\040\000c\000a\000u\000s\000a\000l\000e}{section.8}% 46
\BOOKMARK [2][-]{subsection.8.5}{\376\377\000E\000x\000p\000l\000i\000c\000a\000b\000i\000l\000i\000t\000\351\000\040\000p\000r\000\351\000d\000i\000c\000t\000i\000v\000e}{section.8}% 47
\BOOKMARK [2][-]{subsection.8.6}{\376\377\000R\000\351\000f\000\351\000r\000e\000n\000c\000e\000\040\000\351\000c\000o\000n\000o\000m\000\351\000t\000r\000i\000q\000u\000e\000\040\000:\000\040\000b\000a\000s\000e\000l\000i\000n\000e\000\040\000m\000a\000t\000h\000s\000\040\000\050\000g\000k\000t\000m\000a\000t\000h\000s\000s\000\051}{section.8}% 48
\BOOKMARK [2][-]{subsection.8.7}{\376\377\000H\000C\000M\000\040\000v\0001\000\040\000:\000\040\000\311\000c\000o\000l\000e\000\040\000\040\000\311\000l\000\350\000v\000e}{section.8}% 49
\BOOKMARK [2][-]{subsection.8.8}{\376\377\000H\000C\000M\000\040\000v\0002\000\040\000:\000\040\000C\000l\000a\000s\000s\000e\000/\000E\000n\000s\000e\000i\000g\000n\000a\000n\000t\000\040\000\040\000\311\000l\000\350\000v\000e}{section.8}% 50
\BOOKMARK [2][-]{subsection.8.9}{\376\377\000S\000y\000n\000t\000h\000\350\000s\000e\000\040\000c\000o\000m\000p\000a\000r\000a\000t\000i\000v\000e}{section.8}% 51
\BOOKMARK [2][-]{subsection.8.10}{\376\377\000A\000p\000p\000o\000r\000t\000\040\000d\000e\000s\000\040\000H\000C\000M\000\040\000p\000o\000u\000r\000\040\000S\000T\000A\000R}{section.8}% 52
\BOOKMARK [2][-]{subsection.8.11}{\376\377\000B\000e\000n\000c\000h\000m\000a\000r\000k\000\040\000d\000e\000s\000\040\000f\000a\000m\000i\000l\000l\000e\000s\000\040\000d\000e\000\040\000d\000i\000s\000t\000r\000i\000b\000u\000t\000i\000o\000n\000s}{section.8}% 53
\BOOKMARK [1][-]{section.9}{\376\377\000D\000i\000s\000c\000u\000s\000s\000i\000o\000n}{}% 54
\BOOKMARK [2][-]{subsection.9.1}{\376\377\000E\000n\000s\000e\000i\000g\000n\000e\000m\000e\000n\000t\000s\000\040\000c\000l\000\351\000s}{section.9}% 55
\BOOKMARK [2][-]{subsection.9.2}{\376\377\000L\000i\000m\000i\000t\000a\000t\000i\000o\000n\000s\000\040\000e\000t\000\040\000p\000r\000o\000b\000l\000\350\000m\000e\000s\000\040\000o\000u\000v\000e\000r\000t\000s}{section.9}% 56
\BOOKMARK [1][-]{section.10}{\376\377\000C\000o\000n\000c\000l\000u\000s\000i\000o\000n}{}% 57
\BOOKMARK [1][-]{appendix.A}{\376\377\000T\000r\000a\000n\000s\000f\000o\000r\000m\000a\000t\000i\000o\000n\000s\000\040\000d\000e\000\040\000g\000r\000a\000p\000h\000e\000s\000\040\000c\000o\000m\000p\000l\000\350\000t\000e\000s}{}% 58
\BOOKMARK [2][-]{subsection.A.1}{\376\377\000C\000o\000n\000f\000o\000n\000d\000a\000n\000t\000\040\000:\000\040\000t\000r\000a\000n\000s\000f\000o\000r\000m\000a\000t\000i\000o\000n\000\040\000c\000o\000m\000p\000l\000\350\000t\000e}{appendix.A}% 59
\BOOKMARK [2][-]{subsection.A.2}{\376\377\000C\000o\000n\000f\000o\000n\000d\000a\000n\000t\000\040\000e\000t\000\040\000I\000n\000t\000e\000r\000f\000\351\000r\000e\000n\000c\000e\000\040\000:\000\040\000t\000r\000a\000n\000s\000f\000o\000r\000m\000a\000t\000i\000o\000n\000\040\000c\000o\000m\000p\000l\000\350\000t\000e}{appendix.A}% 60
\BOOKMARK [2][-]{subsection.A.3}{\376\377\000I\000n\000s\000t\000r\000u\000m\000e\000n\000t\000\040\000:\000\040\000t\000r\000a\000n\000s\000f\000o\000r\000m\000a\000t\000i\000o\000n\000\040\000c\000o\000m\000p\000l\000\350\000t\000e}{appendix.A}% 61
\BOOKMARK [1][-]{appendix.B}{\376\377\000A\000n\000n\000e\000x\000e\000\040\000S\000T\000A\000R\000\040\000:\000\040\000p\000l\000o\000t\000s}{}% 62
\BOOKMARK [2][-]{subsection.B.1}{\376\377\000P\000l\000o\000t\000s\000\040\000S\000T\000A\000R}{appendix.B}% 63
\BOOKMARK [1][-]{appendix.C}{\376\377\000D\000\351\000t\000a\000i\000l\000s\000\040\000d\000'\000i\000m\000p\000l\000\351\000m\000e\000n\000t\000a\000t\000i\000o\000n}{}% 64
\BOOKMARK [2][-]{subsection.C.1}{\376\377\000S\000t\000r\000u\000c\000t\000u\000r\000e\000\040\000d\000u\000\040\000p\000a\000c\000k\000a\000g\000e}{appendix.C}% 65
\BOOKMARK [2][-]{subsection.C.2}{\376\377\000H\000S\000C\000M\000P\000a\000r\000a\000m\000e\000t\000r\000i\000c\000\040\000:\000\040\000s\000p\000\351\000c\000i\000f\000i\000c\000a\000t\000i\000o\000n\000\040\000d\000u\000\040\000m\000o\000d\000\350\000l\000e}{appendix.C}% 66
\BOOKMARK [2][-]{subsection.C.3}{\376\377\000P\000i\000p\000e\000l\000i\000n\000e\000\040\000c\000o\000m\000p\000l\000e\000t\000\040\000:\000\040\000e\000x\000e\000m\000p\000l\000e\000\040\000b\000o\000u\000t\000-\000e\000n\000-\000b\000o\000u\000t}{appendix.C}% 67
\BOOKMARK [2][-]{subsection.C.4}{\376\377\000I\000d\000e\000n\000t\000i\000f\000i\000c\000a\000t\000i\000o\000n\000\040\000v\000i\000a\000\040\000d\000o\000-\000c\000a\000l\000c\000u\000l\000u\000s}{appendix.C}% 68
